AAAAAAAAAAAAAAAAAAAAAABBBBBBBBBBBBBBBBCCCCCCCCCCCDDDDDDDDDDD
AAAAAAAAAAAAAAAAAAAAAABBBBBBBBBBBBBBBBCCCCCCCCCCCDDDDDDDDDDD
AAAAAAAAAAAAAAAAAAAAAABBBBBBBBBBBBBBBBCCCCCCCCCCCDDDDDDDDDDD
AAAAAAAAAAAAAAAAAAAAAABBBBBBBBBBBBBBBBCCCCCCCCCCCDDDDDDDDDDD
AAAAAAAAAAAAAAAAAAAAAABBBBBBBBBBBBBBBBCCCCCCCCCCCDDDDDDDDDDD
AAAAAAAAAAAAAAAAAAAAAABBBBBBBBBBBBBBBBCCCCCCCCCCCDDDDDDDDDDD
AAAAAAAAAAAAAAAAAAAAAABBBBBBBBBBBBBBBBCCCCCCCCCCCDDDDDDDDDDD
AAAAAAAAAAAAAAAAAAAAAABBBBBBBBBBBBBBBBCCCCCCCCCCCDDDDDDDDDDD
AAAAAAAAAAAAAAAAAAAAAABBBBBBBBBBBBBBBBCCCCCCCCCCCDDDDDDDDDDD
AAAAAAAAAAAAAAAAAAAAAABBBBBBBBBBBBBBBBCCCCCCCCCCCDDDDDDDDDDD
AAAAAAAAAAAAAAAAAAAAAABBBBBBBBBBBBBBBBCCCCCCCCCCCDDDDDDDDDDD
AAAAAAAAAAAAAAAAAAAAAABBBBBBBBBBBBBBBBCCCCCCCCCCCEEEEEEEEEEE
AAAAAAAAAAAAAAAAAAAAAABBBBBBBBBBBBBBBBCCCCCCCCCCCEEEEEEEEEEE
AAAAAAAAAAAAAAAAAAAAAABBBBBBBBBBBBBBBBCCCCCCCCCCCEEEEEEEEEEE
AAAAAAAAAAAAAAAAAAAAAABBBBBBBBBBBBBBBBCCCCCCCCCCCEEEEEEEEEEE