AAAAAAAAAAAAAAAAAAAAAAABBBBBBBBBBBBBBBBBCCCCCCCCCCCDDDDDDDDD
AAAAAAAAAAAAAAAAAAAAAAABBBBBBBBBBBBBBBBBCCCCCCCCCCCDDDDDDDDD
AAAAAAAAAAAAAAAAAAAAAAABBBBBBBBBBBBBBBBBCCCCCCCCCCCDDDDDDDDD
AAAAAAAAAAAAAAAAAAAAAAABBBBBBBBBBBBBBBBBCCCCCCCCCCCDDDDDDDDD
AAAAAAAAAAAAAAAAAAAAAAABBBBBBBBBBBBBBBBBCCCCCCCCCCCDDDDDDDDD
AAAAAAAAAAAAAAAAAAAAAAABBBBBBBBBBBBBBBBBCCCCCCCCCCCDDDDDDDDD
AAAAAAAAAAAAAAAAAAAAAAABBBBBBBBBBBBBBBBBCCCCCCCCCCCDDDDDDDDD
AAAAAAAAAAAAAAAAAAAAAAABBBBBBBBBBBBBBBBBCCCCCCCCCCCDDDDDDDDD
AAAAAAAAAAAAAAAAAAAAAAABBBBBBBBBBBBBBBBBCCCCCCCCCCCDDDDDDDDD
AAAAAAAAAAAAAAAAAAAAAAABBBBBBBBBBBBBBBBBCCCCCCCCCCCDDDDDDDDD
AAAAAAAAAAAAAAAAAAAAAAABBBBBBBBBBBBBBBBBCCCCCCCCCCCDDDDDDDDD
AAAAAAAAAAAAAAAAAAAAAAABBBBBBBBBBBBBBBBBCCCCCCCCCCCDDDDDDDDD
AAAAAAAAAAAAAAAAAAAAAAABBBBBBBBBBBBBBBBBCCCCCCCCCCCDDDDDDDDD
AAAAAAAAAAAAAAAAAAAAAAABBBBBBBBBBBBBBBBBCCCCCCCCCCCDDDDDDDDD
EEEEEEEEEEEEEEEEEEEEEEEEEEEEEEEEEEEEEEEEEEEEEEEEEEEEEEEEEEEE