⌂ /tmp/root
██████████████████████████████████████████████████████████████████████████████
██████████████████████████████████████████████████████████████████████████████
██████████████████████████████████████████████████████████████████████████████
██████████████████████████████████████████████████████████████████████████████
██████████████████████████████████████████████████████████████████████████████
██████████████████████████████████████████████████████████████████████████████
██████████████████████████████████████████████████████████████████████████████
██████████████████████████████████████████████████████████████████████████████
██████████████████████████████████████████████████████████████████████████████
██████████████████████████████████████████████████████████████████████████████
██████████████████████████████████████████████████████████████████████████████
████████████████████▸ big██████████████████████████████████small██████████████
████████████████████400 B██████████████████████████████████200 B██████████████
██████████████████████████████████████████████████████████████████████████████
██████████████████████████████████████████████████████████████████████████████
██████████████████████████████████████████████████████████████████████████████
██████████████████████████████████████████████████████████████████████████████
██████████████████████████████████████████████████████████████████████████████
██████████████████████████████████████████████████████████████████████████████
██████████████████████████████████████████████████████████████████████████████
██████████████████████████████████████████████████████████████████████████████
██████████████████████████████████████████████████████████████████████████████
 ▸ big [400 B] · 66.7% · 2 children click=sel · 2x=drill/open · esc=up · del=de…