 ▸ /tmp/root
┌──────────────────────────────────────────────────┐ 
│ │ 
│ │ 
│ │ 
│ │ 
│ │ 
│ │ 
│ │ 
│ │ 
│ │ 
│ │ 
│ big │ small 
│ 400 B │ 200 B 
│ │ 
│ │ 
│ │ 
│ │ 
│ │ 
│ │ 
│ │ 
│ │ 
└──────────────────────────────────────────────────┘ 
 ▸ big [400 B] · 66.7%·↑↓←→/hjkl move · ⏎ drill · esc up · del delete · r rescan · q quit