⌂ /tmp/root
 ▸ big [400 B] · 66.7% · 2 children
██████████████████████████████████████████████████████████████████████████████
██████████████████████████████████████████████████████████████████████████████
██████████████████████████████████████████████████████████████████████████████
██████████████████████████████████████████████████████████████████████████████
██████████████████████████████████████████████████████████████████████████████
██████████████████████████████████████████████████████████████████████████████
██████████████████████████████████████████████████████████████████████████████
            ┌────────────────────────────────────────────────────┐            
            │                       DELETE                       │            
            │                        big                         │            
            │ Type this exact name to confirm, or esc to cancel. │            
            │                type the exact name                 │            
            │                                                    │            
            └────────────────────────────────────────────────────┘            
██████████████████████████████████████████████████████████████████████████████
██████████████████████████████████████████████████████████████████████████████
██████████████████████████████████████████████████████████████████████████████
██████████████████████████████████████████████████████████████████████████████
██████████████████████████████████████████████████████████████████████████████
██████████████████████████████████████████████████████████████████████████████
██████████████████████████████████████████████████████████████████████████████
  click  select · esc  up · del  delete · ?  help · q  quit · mouse supported   