 ▸ /tmp/root
┌──────────────────────────────────────────────────┐ 
│ │ 
│ │ 
│ │ 
│ │ 
│ │ 
│ │ 
            ┌────────────────────────────────────────────────────┐            
            │                       DELETE                       │            
            │                        big                         │            
            │ Type this exact name to confirm, or esc to cancel. │            
            │                type the exact name                 │            
            │                                                    │            
            └────────────────────────────────────────────────────┘            
│ │ 
│ │ 
│ │ 
│ │ 
│ │ 
│ │ 
│ │ 
└──────────────────────────────────────────────────┘ 
 ▸ big [400 B] · 66.7%·↑↓←→/hjkl move · ⏎ drill · esc up · del delete · r rescan · q quit