⌂ /tmp/root
██████████████████████████████████████████████████████████████████████████████
██████████████████████████████████████████████████████████████████████████████
██████████████████████████████████████████████████████████████████████████████
██████████████████████████████████████████████████████████████████████████████
██████████████████████████████████████████████████████████████████████████████
██████████████████████████████████████████████████████████████████████████████
██████████████████████████████████████████████████████████████████████████████
            ┌────────────────────────────────────────────────────┐            
            │                       DELETE                       │            
            │                        big                         │            
            │ Type this exact name to confirm, or esc to cancel. │            
            │                type the exact name                 │            
            │                                                    │            
            └────────────────────────────────────────────────────┘            
██████████████████████████████████████████████████████████████████████████████
██████████████████████████████████████████████████████████████████████████████
██████████████████████████████████████████████████████████████████████████████
██████████████████████████████████████████████████████████████████████████████
██████████████████████████████████████████████████████████████████████████████
██████████████████████████████████████████████████████████████████████████████
██████████████████████████████████████████████████████████████████████████████
██████████████████████████████████████████████████████████████████████████████
 ▸ big [400 B] · 66.7% · 2 children click=sel · 2x=drill · esc=up · del=delete …