⌂ /root
 ▸ docs [400 B]        scanning · 2 children · 600 B so far · visited 12345 · 3s
██████████████████████████████████████████████████████████████████████████████
██████████████████████████████████████████████████████████████████████████████
██████████████████████████████████████████████████████████████████████████████
██████████████████████████████████████████████████████████████████████████████
██████████████████████████████████████████████████████████████████████████████
██████████████████████████████████████████████████████████████████████████████
██████████████████████████████████████████████████████████████████████████████
██████████████████████████████████████████████████████████████████████████████
██████████████████████████████████████████████████████████████████████████████
██████████████████████████████████████████████████████████████████████████████
████████████████████▸ docs█████████████████████████████████media██████████████
████████████████████400 B██████████████████████████████████200 B██████████████
██████████████████████████████████████████████████████████████████████████████
██████████████████████████████████████████████████████████████████████████████
██████████████████████████████████████████████████████████████████████████████
██████████████████████████████████████████████████████████████████████████████
██████████████████████████████████████████████████████████████████████████████
██████████████████████████████████████████████████████████████████████████████
██████████████████████████████████████████████████████████████████████████████
██████████████████████████████████████████████████████████████████████████████
██████████████████████████████████████████████████████████████████████████████
                           q  quit · mouse supported                            