⌂ /
 ▸ games [50 B]        4 children · page 1/2
██████████████████████████████████████████
██████████████████████████████████████████
██████████████████████████████████████████
██████████████████████████████████████████
██████████████████████████████████████████
██████████████████████████████████████████
██████████████████████████████████████████
██████████████████████████████████████████
█████▸ games█████████videos████projec…████
███████50 B███████████30 B██████15 B████→█
██████████████████████████████████████████
██████████████████████████████████████████
██████████████████████████████████████████
██████████████████████████████████████████
██████████████████████████████████████████
██████████████████████████████████████████
                                       ███
                                       ███
                                       ███
 pgdn  next page · click  select · esc  up… 