⌂ /
 ▸ games [50 B]        4 children · page 1/2
██████████████████████████████████████████
██████████████████████████████████████████
██████████████████████████████████████████
██████████████████████████████████████████
██████████████████████████████████████████
██████████████████████████████████████████
██████████████████████████████████████████
██████████████████████████████████████████
██████▸ games█████████videos█████projects█
███████50 B████████████30 B████████15 B███
██████████████████████████████████████████
██████████████████████████████████████████
██████████████████████████████████████████
██████████████████████████████████████████
██████████████████████████████████████████
██████████████████████████████████████████
 
 
 
 tab  next page · click  select · esc  up…  